// Jest Snapshot v1, https://goo.gl/fbAQLP

exports[`No prop type errors 1`] = `
<div
  dangerouslySetInnerHTML={
    Object {
      "__html": "
  if (document) {
    const isLive = false;
    const node = document.querySelector('test');
    if (node && isLive) {
      setTimeout(() => {
        node.innerHTML = \\"\\";
      }, 1000);
    }
  }",
    }
  }
>
  <div
    id="test"
  >
    Loading...
  </div>
</div>
`;

exports[`Shows loading for expected duration 1`] = `
<div
  dangerouslySetInnerHTML={
    Object {
      "__html": "
  if (document) {
    const isLive = false;
    const node = document.querySelector('test');
    if (node && isLive) {
      setTimeout(() => {
        node.innerHTML = \\"\\";
      }, 1000);
    }
  }",
    }
  }
>
  <div
    id="test"
  >
    Loading...
  </div>
</div>
`;

exports[`Shows loading for expected duration 2`] = `
<div>
  Loaded!
</div>
`;
